vprasad@XE-T-VIVEKP MINGW64 /d/SparkCodes/git-2019 (master)
$ git init .
Reinitialized existing Git repository in D:/SparkCodes/git-2019/.git/

vprasad@XE-T-VIVEKP MINGW64 /d/SparkCodes/git-2019 (master)
$ git remote add origin https://github.com/The1vivek/Python-Codes.git
fatal: remote origin already exists.

vprasad@XE-T-VIVEKP MINGW64 /d/SparkCodes/git-2019 (master)
$ git remote add github https://github.com/The1vivek/Python-Codes.git

vprasad@XE-T-VIVEKP MINGW64 /d/SparkCodes/git-2019 (master)
$ git status
On branch master
nothing to commit, working tree clean

vprasad@XE-T-VIVEKP MINGW64 /d/SparkCodes/git-2019 (master)
$ git status
On branch master
nothing to commit, working tree clean

vprasad@XE-T-VIVEKP MINGW64 /d/SparkCodes/git-2019 (master)
$ git add .

vprasad@XE-T-VIVEKP MINGW64 /d/SparkCodes/git-2019 (master)
$ git status
On branch master
Changes to be committed:
  (use "git reset HEAD <file>..." to unstage)

        new file:   python-programs/invert.py


vprasad@XE-T-VIVEKP MINGW64 /d/SparkCodes/git-2019 (master)
$ ls
pyspark-programs/  python-programs/

vprasad@XE-T-VIVEKP MINGW64 /d/SparkCodes/git-2019 (master)
$ git commit -m "Python sample code"
[master 3d42da2] Python sample code
 Committer: Vivek Prasad <vprasad@XEBIAINDIA.LOCAL>
Your name and email address were configured automatically based
on your username and hostname. Please check that they are accurate.
You can suppress this message by setting them explicitly. Run the
following command and follow the instructions in your editor to edit
your configuration file:

    git config --global --edit

After doing this, you may fix the identity used for this commit with:

    git commit --amend --reset-author

 1 file changed, 0 insertions(+), 0 deletions(-)
 create mode 100644 python-programs/invert.py

vprasad@XE-T-VIVEKP MINGW64 /d/SparkCodes/git-2019 (master)
$ git push origin master
Enumerating objects: 5, done.
Counting objects: 100% (5/5), done.
Delta compression using up to 8 threads
Compressing objects: 100% (2/2), done.
Writing objects: 100% (4/4), 347 bytes | 347.00 KiB/s, done.
Total 4 (delta 0), reused 0 (delta 0)
To https://github.com/The1vivek/Pyspark-codes.git
   bc19fcc..3d42da2  master -> master

